// Jest Snapshot v1, https://goo.gl/fbAQLP

exports[`Sign-Up Button Should render a button 1`] = `
<div>
  <div
    class="container"
  >
    <button
      class="signup-button"
    >
      Sign Up
    </button>
  </div>
</div>
`;
