// Jest Snapshot v1, https://goo.gl/fbAQLP

exports[`Search Page Should render the search page 1`] = `
<div>
  <div
    class="container"
  />
</div>
`;
